{"results":[{"title":"2018/03/01","tradeCount":2,"tradeVolume":5110.87995,"paymentCount":0,"paymentVolume":0},{"title":"2018/04/01","tradeCount":39,"tradeVolume":8269.8046113,"paymentCount":0,"paymentVolume":0},{"title":"2018/05/01","tradeCount":85,"tradeVolume":10171.5778484,"paymentCount":0,"paymentVolume":0},{"title":"2018/06/01","tradeCount":95,"tradeVolume":13022.5333003,"paymentCount":0,"paymentVolume":0},{"title":"2018/07/01","tradeCount":109,"tradeVolume":214327.0455347,"paymentCount":0,"paymentVolume":0},{"title":"2018/08/01","tradeCount":507,"tradeVolume":237148.9527183,"paymentCount":4,"paymentVolume":212499.9964197},{"title":"2018/09/01","tradeCount":3470,"tradeVolume":197257.1633297,"paymentCount":13,"paymentVolume":27401.134433500003},{"title":"2018/10/01","tradeCount":2816,"tradeVolume":393880.4795662,"paymentCount":189,"paymentVolume":50572.829829999995},{"title":"2018/11/01","tradeCount":1080,"tradeVolume":28517.5971408,"paymentCount":62,"paymentVolume":162.35414099999997},{"title":"2018/12/01","tradeCount":127,"tradeVolume":1964.3001484,"paymentCount":3,"paymentVolume":1863.759793},{"title":"2019/01/01","tradeCount":67,"tradeVolume":273.5896943,"paymentCount":1,"paymentVolume":1.000075},{"title":"2019/02/01","tradeCount":22,"tradeVolume":71.2054593,"paymentCount":1,"paymentVolume":0.034},{"title":"2019/03/01","tradeCount":73,"tradeVolume":1651.2832509999998,"paymentCount":4,"paymentVolume":3402.87786},{"title":"2019/04/01","tradeCount":158,"tradeVolume":8365.335240800001,"paymentCount":0,"paymentVolume":0},{"title":"2019/05/01","tradeCount":62,"tradeVolume":7353.0908263,"paymentCount":0,"paymentVolume":0},{"title":"2019/06/01","tradeCount":121,"tradeVolume":10042.5051642,"paymentCount":1,"paymentVolume":6.18106},{"title":"2019/07/01","tradeCount":68,"tradeVolume":20987.739464,"paymentCount":1,"paymentVolume":200},{"title":"2019/08/01","tradeCount":418,"tradeVolume":348855.33848690003,"paymentCount":6,"paymentVolume":65.00102000000001},{"title":"2019/09/01","tradeCount":1494,"tradeVolume":515905.9062971,"paymentCount":3,"paymentVolume":9404.0310312},{"title":"2019/10/01","tradeCount":1797,"tradeVolume":498294.5245285,"paymentCount":6,"paymentVolume":34035.29436},{"title":"2019/11/01","tradeCount":7897,"tradeVolume":1458281.1749489,"paymentCount":181,"paymentVolume":2566474.403759399},{"title":"2019/12/01","tradeCount":5949,"tradeVolume":4512915.9973682,"paymentCount":41,"paymentVolume":234164.8029483},{"title":"2020/01/01","tradeCount":21680,"tradeVolume":47264250.7590616,"paymentCount":12,"paymentVolume":12623.540913400002},{"title":"2020/02/01","tradeCount":10264,"tradeVolume":13820305.5484723,"paymentCount":14,"paymentVolume":12162.207369799997},{"title":"2020/03/01","tradeCount":13460,"tradeVolume":8720645.2574432,"paymentCount":16,"paymentVolume":7362.727759},{"title":"2020/04/01","tradeCount":3946,"tradeVolume":19997487.815936103,"paymentCount":31,"paymentVolume":8854.25},{"title":"2020/05/01","tradeCount":3044,"tradeVolume":13285990.2727096,"paymentCount":48,"paymentVolume":31656.1966084},{"title":"2020/06/01","tradeCount":4382,"tradeVolume":29670209.9700249,"paymentCount":41,"paymentVolume":352519.86482260004},{"title":"2020/07/01","tradeCount":4207,"tradeVolume":15870099.6529035,"paymentCount":33,"paymentVolume":350311.47204270004},{"title":"2020/08/01","tradeCount":8094,"tradeVolume":1815617.417433,"paymentCount":38,"paymentVolume":180423.87486609994},{"title":"2020/09/01","tradeCount":6384,"tradeVolume":42068493.5713253,"paymentCount":37,"paymentVolume":10047609.1108529},{"title":"2020/10/01","tradeCount":7500,"tradeVolume":30332463.7959329,"paymentCount":93,"paymentVolume":1462921.0570607},{"title":"2020/11/01","tradeCount":8070,"tradeVolume":45994882.3590293,"paymentCount":180,"paymentVolume":19071628.407796297},{"title":"2020/12/01","tradeCount":10689,"tradeVolume":2234133.0946126,"paymentCount":697,"paymentVolume":35067449.04773429}]}