{"results":[{"title":"2018/01/01","tradeCount":2,"tradeVolume":5110.87995,"paymentCount":0,"paymentVolume":0},{"title":"2018/04/01","tradeCount":219,"tradeVolume":31463.91576,"paymentCount":0,"paymentVolume":0},{"title":"2018/07/01","tradeCount":4086,"tradeVolume":648733.1615827001,"paymentCount":17,"paymentVolume":239901.1308532},{"title":"2018/10/01","tradeCount":4023,"tradeVolume":424362.3768554,"paymentCount":254,"paymentVolume":52598.94376400003},{"title":"2019/01/01","tradeCount":162,"tradeVolume":1996.0784045999999,"paymentCount":6,"paymentVolume":3403.911935},{"title":"2019/04/01","tradeCount":341,"tradeVolume":25760.9312313,"paymentCount":1,"paymentVolume":6.18106},{"title":"2019/07/01","tradeCount":1980,"tradeVolume":885748.9842480001,"paymentCount":10,"paymentVolume":9669.0320512},{"title":"2019/10/01","tradeCount":15643,"tradeVolume":6469491.696845599,"paymentCount":228,"paymentVolume":2834674.5010677},{"title":"2020/01/01","tradeCount":45404,"tradeVolume":69805201.5649771,"paymentCount":42,"paymentVolume":32148.476042200004},{"title":"2020/04/01","tradeCount":11372,"tradeVolume":62953688.0586706,"paymentCount":120,"paymentVolume":393030.31143100007},{"title":"2020/07/01","tradeCount":18685,"tradeVolume":59754210.6416618,"paymentCount":108,"paymentVolume":10578344.457761703},{"title":"2020/10/01","tradeCount":26259,"tradeVolume":78561479.2495748,"paymentCount":970,"paymentVolume":55601998.51259128}]}