{"results":[{"title":"2018/01/01","tradeCount":8330,"tradeVolume":1109670.3341480999,"paymentCount":271,"paymentVolume":292500.07461719995},{"title":"2019/01/01","tradeCount":18126,"tradeVolume":7382997.690729501,"paymentCount":245,"paymentVolume":2847753.6261139},{"title":"2020/01/01","tradeCount":101720,"tradeVolume":271074579.5148843,"paymentCount":1240,"paymentVolume":66605521.75782617}]}