{"results":[{"title":"2018/03/18","tradeCount":2,"tradeVolume":5110.87995,"paymentCount":0,"paymentVolume":0},{"title":"2018/04/01","tradeCount":23,"tradeVolume":303.8236257,"paymentCount":0,"paymentVolume":0},{"title":"2018/04/08","tradeCount":1,"tradeVolume":7699.99615,"paymentCount":0,"paymentVolume":0},{"title":"2018/04/15","tradeCount":11,"tradeVolume":210.9651886,"paymentCount":0,"paymentVolume":0},{"title":"2018/04/22","tradeCount":2,"tradeVolume":50,"paymentCount":0,"paymentVolume":0},{"title":"2018/04/29","tradeCount":7,"tradeVolume":62.9347449,"paymentCount":0,"paymentVolume":0},{"title":"2018/05/06","tradeCount":24,"tradeVolume":2498.1256448,"paymentCount":0,"paymentVolume":0},{"title":"2018/05/13","tradeCount":20,"tradeVolume":4848.352711,"paymentCount":0,"paymentVolume":0},{"title":"2018/05/20","tradeCount":30,"tradeVolume":1351.2104989,"paymentCount":0,"paymentVolume":0},{"title":"2018/05/27","tradeCount":11,"tradeVolume":1647.2324585,"paymentCount":0,"paymentVolume":0},{"title":"2018/06/03","tradeCount":29,"tradeVolume":3898.7425936,"paymentCount":0,"paymentVolume":0},{"title":"2018/06/10","tradeCount":18,"tradeVolume":1920.9923689,"paymentCount":0,"paymentVolume":0},{"title":"2018/06/17","tradeCount":18,"tradeVolume":5596.1541018,"paymentCount":0,"paymentVolume":0},{"title":"2018/06/24","tradeCount":25,"tradeVolume":1375.3856733,"paymentCount":0,"paymentVolume":0},{"title":"2018/07/01","tradeCount":20,"tradeVolume":54031.7826577,"paymentCount":0,"paymentVolume":0},{"title":"2018/07/08","tradeCount":23,"tradeVolume":33930.7405296,"paymentCount":0,"paymentVolume":0},{"title":"2018/07/15","tradeCount":26,"tradeVolume":57158.2669135,"paymentCount":0,"paymentVolume":0},{"title":"2018/07/22","tradeCount":30,"tradeVolume":67795.4147103,"paymentCount":0,"paymentVolume":0},{"title":"2018/07/29","tradeCount":98,"tradeVolume":3522.374064,"paymentCount":0,"paymentVolume":0},{"title":"2018/08/05","tradeCount":90,"tradeVolume":4700.6027646,"paymentCount":0,"paymentVolume":0},{"title":"2018/08/12","tradeCount":47,"tradeVolume":37688.8199332,"paymentCount":0,"paymentVolume":0},{"title":"2018/08/19","tradeCount":229,"tradeVolume":133663.7467665,"paymentCount":1,"paymentVolume":10000},{"title":"2018/08/26","tradeCount":77,"tradeVolume":60597.5030854,"paymentCount":3,"paymentVolume":202499.9964197},{"title":"2018/09/02","tradeCount":694,"tradeVolume":54072.1994297,"paymentCount":2,"paymentVolume":10200},{"title":"2018/09/09","tradeCount":2515,"tradeVolume":64660.7719786,"paymentCount":4,"paymentVolume":17199.7283351},{"title":"2018/09/16","tradeCount":37,"tradeVolume":23889.4337582,"paymentCount":0,"paymentVolume":0},{"title":"2018/09/23","tradeCount":173,"tradeVolume":50198.7810057,"paymentCount":7,"paymentVolume":1.4060983999999999},{"title":"2018/09/30","tradeCount":722,"tradeVolume":97029.7408543,"paymentCount":39,"paymentVolume":18.630000000000003},{"title":"2018/10/07","tradeCount":252,"tradeVolume":87697.42705390001,"paymentCount":19,"paymentVolume":19.361310000000003},{"title":"2018/10/14","tradeCount":1199,"tradeVolume":150175.7424333,"paymentCount":97,"paymentVolume":50492.44851999999},{"title":"2018/10/21","tradeCount":652,"tradeVolume":41164.9024357,"paymentCount":33,"paymentVolume":41.46999999999999},{"title":"2018/10/28","tradeCount":50,"tradeVolume":21170.4474634,"paymentCount":3,"paymentVolume":0.92078},{"title":"2018/11/04","tradeCount":779,"tradeVolume":3066.8769628,"paymentCount":56,"paymentVolume":150.71164},{"title":"2018/11/11","tradeCount":127,"tradeVolume":22920.178712200002,"paymentCount":2,"paymentVolume":2.21},{"title":"2018/11/18","tradeCount":35,"tradeVolume":1259.6949706999999,"paymentCount":0,"paymentVolume":0},{"title":"2018/11/25","tradeCount":107,"tradeVolume":735.7898064000001,"paymentCount":2,"paymentVolume":9.431721},{"title":"2018/12/02","tradeCount":35,"tradeVolume":687.1479847,"paymentCount":0,"paymentVolume":0},{"title":"2018/12/09","tradeCount":26,"tradeVolume":599.7448267,"paymentCount":2,"paymentVolume":384.1475},{"title":"2018/12/16","tradeCount":30,"tradeVolume":280.3933554,"paymentCount":1,"paymentVolume":1479.612293},{"title":"2018/12/23","tradeCount":28,"tradeVolume":368.1665773,"paymentCount":0,"paymentVolume":0},{"title":"2018/12/30","tradeCount":16,"tradeVolume":53.6575035,"paymentCount":0,"paymentVolume":0},{"title":"2019/01/06","tradeCount":48,"tradeVolume":211.6384816,"paymentCount":1,"paymentVolume":1.000075},{"title":"2019/01/13","tradeCount":2,"tradeVolume":1.4841269,"paymentCount":0,"paymentVolume":0},{"title":"2019/01/20","tradeCount":5,"tradeVolume":10.001475399999999,"paymentCount":0,"paymentVolume":0},{"title":"2019/01/27","tradeCount":4,"tradeVolume":25.6555112,"paymentCount":0,"paymentVolume":0},{"title":"2019/02/10","tradeCount":2,"tradeVolume":24.7440838,"paymentCount":0,"paymentVolume":0},{"title":"2019/02/17","tradeCount":20,"tradeVolume":46.4613755,"paymentCount":1,"paymentVolume":0.034},{"title":"2019/02/24","tradeCount":3,"tradeVolume":114.2234542,"paymentCount":0,"paymentVolume":0},{"title":"2019/03/03","tradeCount":3,"tradeVolume":180.3709418,"paymentCount":0,"paymentVolume":0},{"title":"2019/03/10","tradeCount":14,"tradeVolume":71.9800539,"paymentCount":2,"paymentVolume":0.17843},{"title":"2019/03/17","tradeCount":40,"tradeVolume":1139.2479037,"paymentCount":2,"paymentVolume":3402.69943},{"title":"2019/03/24","tradeCount":13,"tradeVolume":145.46089740000002,"paymentCount":0,"paymentVolume":0},{"title":"2019/03/31","tradeCount":46,"tradeVolume":818.3118546000001,"paymentCount":0,"paymentVolume":0},{"title":"2019/04/07","tradeCount":12,"tradeVolume":113.0603729,"paymentCount":0,"paymentVolume":0},{"title":"2019/04/14","tradeCount":53,"tradeVolume":4845.2942472,"paymentCount":0,"paymentVolume":0},{"title":"2019/04/21","tradeCount":30,"tradeVolume":2258.4724564,"paymentCount":0,"paymentVolume":0},{"title":"2019/04/28","tradeCount":20,"tradeVolume":826.3277315,"paymentCount":0,"paymentVolume":0},{"title":"2019/05/05","tradeCount":17,"tradeVolume":1864.0296658,"paymentCount":0,"paymentVolume":0},{"title":"2019/05/12","tradeCount":1,"tradeVolume":4.048103,"paymentCount":0,"paymentVolume":0},{"title":"2019/05/19","tradeCount":21,"tradeVolume":2101.6605528,"paymentCount":0,"paymentVolume":0},{"title":"2019/05/26","tradeCount":21,"tradeVolume":2888.1210829,"paymentCount":0,"paymentVolume":0},{"title":"2019/06/02","tradeCount":54,"tradeVolume":5851.7993139,"paymentCount":1,"paymentVolume":6.18106},{"title":"2019/06/09","tradeCount":16,"tradeVolume":343.2885865,"paymentCount":0,"paymentVolume":0},{"title":"2019/06/16","tradeCount":29,"tradeVolume":769.0547038,"paymentCount":0,"paymentVolume":0},{"title":"2019/06/23","tradeCount":16,"tradeVolume":2917.4114351,"paymentCount":0,"paymentVolume":0},{"title":"2019/06/30","tradeCount":15,"tradeVolume":1455.8844502999998,"paymentCount":0,"paymentVolume":0},{"title":"2019/07/07","tradeCount":17,"tradeVolume":5124.9579951000005,"paymentCount":0,"paymentVolume":0},{"title":"2019/07/14","tradeCount":10,"tradeVolume":13012.239054399999,"paymentCount":0,"paymentVolume":0},{"title":"2019/07/21","tradeCount":18,"tradeVolume":1001.0775833,"paymentCount":1,"paymentVolume":200},{"title":"2019/07/28","tradeCount":22,"tradeVolume":666.4117197999999,"paymentCount":0,"paymentVolume":0},{"title":"2019/08/04","tradeCount":52,"tradeVolume":6885.8043492,"paymentCount":4,"paymentVolume":10.00102},{"title":"2019/08/11","tradeCount":120,"tradeVolume":20474.6880828,"paymentCount":2,"paymentVolume":55},{"title":"2019/08/18","tradeCount":117,"tradeVolume":50254.290299,"paymentCount":0,"paymentVolume":0},{"title":"2019/08/25","tradeCount":120,"tradeVolume":271127.77554189996,"paymentCount":0,"paymentVolume":0},{"title":"2019/09/01","tradeCount":33,"tradeVolume":44969.2876031,"paymentCount":2,"paymentVolume":9400},{"title":"2019/09/08","tradeCount":570,"tradeVolume":7085.5783856,"paymentCount":0,"paymentVolume":0},{"title":"2019/09/15","tradeCount":274,"tradeVolume":220244.1317309,"paymentCount":1,"paymentVolume":4.0310312},{"title":"2019/09/22","tradeCount":576,"tradeVolume":229375.51077720002,"paymentCount":0,"paymentVolume":0},{"title":"2019/09/29","tradeCount":88,"tradeVolume":16728.5593835,"paymentCount":0,"paymentVolume":0},{"title":"2019/10/06","tradeCount":158,"tradeVolume":114230.8896923,"paymentCount":0,"paymentVolume":0},{"title":"2019/10/13","tradeCount":299,"tradeVolume":223234.656699,"paymentCount":1,"paymentVolume":17664.26509},{"title":"2019/10/20","tradeCount":660,"tradeVolume":73051.10697000001,"paymentCount":3,"paymentVolume":13632.22543},{"title":"2019/10/27","tradeCount":938,"tradeVolume":163134.6431374,"paymentCount":3,"paymentVolume":8675.30273},{"title":"2019/11/03","tradeCount":1704,"tradeVolume":303372.87184569996,"paymentCount":10,"paymentVolume":165485.28519},{"title":"2019/11/10","tradeCount":2825,"tradeVolume":434354.2473724,"paymentCount":43,"paymentVolume":330790.18259000004},{"title":"2019/11/17","tradeCount":2102,"tradeVolume":409649.2703802,"paymentCount":125,"paymentVolume":2064135.7482051},{"title":"2019/11/24","tradeCount":961,"tradeVolume":233050.8517972,"paymentCount":2,"paymentVolume":126.68888430000001},{"title":"2019/12/01","tradeCount":626,"tradeVolume":194690.385382,"paymentCount":2,"paymentVolume":71.6406876},{"title":"2019/12/08","tradeCount":583,"tradeVolume":204942.5256267,"paymentCount":10,"paymentVolume":33396.479239700006},{"title":"2019/12/15","tradeCount":1081,"tradeVolume":1540619.986058,"paymentCount":6,"paymentVolume":33705.044418800004},{"title":"2019/12/22","tradeCount":3040,"tradeVolume":1470566.5434138,"paymentCount":23,"paymentVolume":166991.6386022},{"title":"2019/12/29","tradeCount":3552,"tradeVolume":3948572.9183612,"paymentCount":0,"paymentVolume":0},{"title":"2020/01/05","tradeCount":6871,"tradeVolume":5999452.7010842,"paymentCount":1,"paymentVolume":0.2292472},{"title":"2020/01/12","tradeCount":9478,"tradeVolume":35072460.5657408,"paymentCount":5,"paymentVolume":901.8907622},{"title":"2020/01/19","tradeCount":1244,"tradeVolume":1654033.8225491,"paymentCount":5,"paymentVolume":6738.6612641},{"title":"2020/01/26","tradeCount":1302,"tradeVolume":1879337.4602864,"paymentCount":1,"paymentVolume":4982.7596399},{"title":"2020/02/02","tradeCount":2359,"tradeVolume":1507136.4743567,"paymentCount":0,"paymentVolume":0},{"title":"2020/02/09","tradeCount":4376,"tradeVolume":1471992.2946194,"paymentCount":3,"paymentVolume":1900},{"title":"2020/02/16","tradeCount":1690,"tradeVolume":9552811.485018,"paymentCount":8,"paymentVolume":10027.028648399999},{"title":"2020/02/23","tradeCount":1691,"tradeVolume":1100855.1424058,"paymentCount":3,"paymentVolume":235.1787214},{"title":"2020/03/01","tradeCount":0,"tradeVolume":0,"paymentCount":15,"paymentVolume":6979.3768825},{"title":"2020/03/08","tradeCount":0,"tradeVolume":0,"paymentCount":1,"paymentVolume":383.3508765},{"title":"2020/03/29","tradeCount":0,"tradeVolume":0,"paymentCount":3,"paymentVolume":188},{"title":"2020/04/12","tradeCount":0,"tradeVolume":0,"paymentCount":3,"paymentVolume":6204.25},{"title":"2020/04/19","tradeCount":0,"tradeVolume":0,"paymentCount":23,"paymentVolume":2442},{"title":"2020/04/26","tradeCount":0,"tradeVolume":0,"paymentCount":2,"paymentVolume":20},{"title":"2020/05/03","tradeCount":0,"tradeVolume":0,"paymentCount":24,"paymentVolume":1242},{"title":"2020/05/10","tradeCount":0,"tradeVolume":0,"paymentCount":5,"paymentVolume":8115.2},{"title":"2020/05/17","tradeCount":0,"tradeVolume":0,"paymentCount":6,"paymentVolume":4},{"title":"2020/05/24","tradeCount":0,"tradeVolume":0,"paymentCount":13,"paymentVolume":22294.9966084},{"title":"2020/05/31","tradeCount":0,"tradeVolume":0,"paymentCount":5,"paymentVolume":13842},{"title":"2020/06/07","tradeCount":0,"tradeVolume":0,"paymentCount":2,"paymentVolume":8162.1629909},{"title":"2020/06/14","tradeCount":0,"tradeVolume":0,"paymentCount":12,"paymentVolume":3181.7534139000004},{"title":"2020/06/21","tradeCount":0,"tradeVolume":0,"paymentCount":19,"paymentVolume":218675.52667140003},{"title":"2020/06/28","tradeCount":0,"tradeVolume":0,"paymentCount":7,"paymentVolume":108671.4217464},{"title":"2020/07/05","tradeCount":0,"tradeVolume":0,"paymentCount":1,"paymentVolume":300000},{"title":"2020/07/12","tradeCount":0,"tradeVolume":0,"paymentCount":13,"paymentVolume":722.1174883},{"title":"2020/07/19","tradeCount":0,"tradeVolume":0,"paymentCount":7,"paymentVolume":24223.2808343},{"title":"2020/07/26","tradeCount":0,"tradeVolume":0,"paymentCount":8,"paymentVolume":25353.0737201},{"title":"2020/08/02","tradeCount":0,"tradeVolume":0,"paymentCount":8,"paymentVolume":11063.025780799999},{"title":"2020/08/09","tradeCount":0,"tradeVolume":0,"paymentCount":13,"paymentVolume":28020.602268899995},{"title":"2020/08/16","tradeCount":0,"tradeVolume":0,"paymentCount":6,"paymentVolume":5917.707293799999},{"title":"2020/08/23","tradeCount":0,"tradeVolume":0,"paymentCount":8,"paymentVolume":115877.919594},{"title":"2020/08/30","tradeCount":0,"tradeVolume":0,"paymentCount":8,"paymentVolume":28399.398742800004},{"title":"2020/09/06","tradeCount":0,"tradeVolume":0,"paymentCount":9,"paymentVolume":28600.4066355},{"title":"2020/09/13","tradeCount":0,"tradeVolume":0,"paymentCount":11,"paymentVolume":4749552.058722001},{"title":"2020/09/20","tradeCount":0,"tradeVolume":0,"paymentCount":9,"paymentVolume":4767293.328695301},{"title":"2020/09/27","tradeCount":0,"tradeVolume":0,"paymentCount":18,"paymentVolume":522840.53048},{"title":"2020/10/04","tradeCount":0,"tradeVolume":0,"paymentCount":27,"paymentVolume":135508.0374195},{"title":"2020/10/11","tradeCount":0,"tradeVolume":0,"paymentCount":13,"paymentVolume":699861.5605168},{"title":"2020/10/18","tradeCount":0,"tradeVolume":0,"paymentCount":14,"paymentVolume":220966.3447614},{"title":"2020/10/25","tradeCount":0,"tradeVolume":0,"paymentCount":24,"paymentVolume":377053.1218689001},{"title":"2020/11/01","tradeCount":0,"tradeVolume":0,"paymentCount":40,"paymentVolume":733537.0585801001},{"title":"2020/11/08","tradeCount":0,"tradeVolume":0,"paymentCount":31,"paymentVolume":327808.6752948},{"title":"2020/11/15","tradeCount":0,"tradeVolume":0,"paymentCount":36,"paymentVolume":5702282.3778302},{"title":"2020/11/22","tradeCount":0,"tradeVolume":0,"paymentCount":65,"paymentVolume":11679613.034907902},{"title":"2020/11/29","tradeCount":0,"tradeVolume":0,"paymentCount":63,"paymentVolume":6108119.515716501},{"title":"2020/12/06","tradeCount":0,"tradeVolume":0,"paymentCount":577,"paymentVolume":9522484.1647047},{"title":"2020/12/13","tradeCount":0,"tradeVolume":0,"paymentCount":65,"paymentVolume":20065232.628496405}]}