{"results":[{"title":"Ledger 20304878","tradeCount":2,"tradeVolume":0.0115567,"paymentCount":1,"paymentVolume":0.82},{"title":"Ledger 20304884","tradeCount":2,"tradeVolume":577.0592179,"paymentCount":0,"paymentVolume":0},{"title":"Ledger 20304895","tradeCount":2,"tradeVolume":0.9468157,"paymentCount":0,"paymentVolume":0},{"title":"Ledger 20304902","tradeCount":2,"tradeVolume":1.6818436,"paymentCount":0,"paymentVolume":0},{"title":"Ledger 20304903","tradeCount":2,"tradeVolume":0.006453899999999999,"paymentCount":1,"paymentVolume":0.46},{"title":"Ledger 20304907","tradeCount":2,"tradeVolume":1.0713967,"paymentCount":0,"paymentVolume":0},{"title":"Ledger 20304942","tradeCount":2,"tradeVolume":1.1212291,"paymentCount":0,"paymentVolume":0},{"title":"Ledger 20304949","tradeCount":2,"tradeVolume":2.0555866,"paymentCount":0,"paymentVolume":0},{"title":"Ledger 20304950","tradeCount":2,"tradeVolume":0.0106625,"paymentCount":1,"paymentVolume":0.76},{"title":"Ledger 20304973","tradeCount":2,"tradeVolume":0.6264556,"paymentCount":0,"paymentVolume":0},{"title":"Ledger 20304980","tradeCount":2,"tradeVolume":2.2922906000000003,"paymentCount":0,"paymentVolume":0},{"title":"Ledger 20304981","tradeCount":2,"tradeVolume":0.0032413,"paymentCount":1,"paymentVolume":0.23},{"title":"Ledger 20304993","tradeCount":2,"tradeVolume":0.7848604,"paymentCount":0,"paymentVolume":0},{"title":"Ledger 20304994","tradeCount":2,"tradeVolume":0.008539,"paymentCount":1,"paymentVolume":0.61},{"title":"Ledger 20305018","tradeCount":2,"tradeVolume":1.4084132,"paymentCount":0,"paymentVolume":0},{"title":"Ledger 20305032","tradeCount":2,"tradeVolume":2.0555866,"paymentCount":0,"paymentVolume":0},{"title":"Ledger 20305033","tradeCount":2,"tradeVolume":0.006476699999999999,"paymentCount":1,"paymentVolume":0.46},{"title":"Ledger 20305046","tradeCount":2,"tradeVolume":0.5044784,"paymentCount":0,"paymentVolume":0},{"title":"Ledger 20305053","tradeCount":2,"tradeVolume":0.7225699,"paymentCount":0,"paymentVolume":0},{"title":"Ledger 20305054","tradeCount":2,"tradeVolume":0.007013999999999999,"paymentCount":0,"paymentVolume":0},{"title":"Ledger 20305115","tradeCount":2,"tradeVolume":1.5572626,"paymentCount":0,"paymentVolume":0},{"title":"Ledger 20305116","tradeCount":2,"tradeVolume":0.0030978,"paymentCount":1,"paymentVolume":0.22},{"title":"Ledger 20305122","tradeCount":2,"tradeVolume":1.8407218,"paymentCount":0,"paymentVolume":0},{"title":"Ledger 20305136","tradeCount":2,"tradeVolume":0.8001963000000001,"paymentCount":0,"paymentVolume":0},{"title":"Ledger 20305143","tradeCount":2,"tradeVolume":1.108771,"paymentCount":0,"paymentVolume":0},{"title":"Ledger 20305144","tradeCount":2,"tradeVolume":0.0051079,"paymentCount":0,"paymentVolume":0},{"title":"Ledger 20305150","tradeCount":2,"tradeVolume":1.1138814,"paymentCount":0,"paymentVolume":0},{"title":"Ledger 20305164","tradeCount":2,"tradeVolume":1.6708182,"paymentCount":0,"paymentVolume":0},{"title":"Ledger 20305176","tradeCount":2,"tradeVolume":0.7101118,"paymentCount":0,"paymentVolume":0},{"title":"Ledger 20305177","tradeCount":2,"tradeVolume":0.0023671,"paymentCount":0,"paymentVolume":0},{"title":"Ledger 20305183","tradeCount":2,"tradeVolume":1.7192178999999999,"paymentCount":0,"paymentVolume":0},{"title":"Ledger 20305184","tradeCount":2,"tradeVolume":0.0105521,"paymentCount":0,"paymentVolume":0},{"title":"Ledger 20305210","tradeCount":2,"tradeVolume":2.23,"paymentCount":0,"paymentVolume":0},{"title":"Ledger 20305211","tradeCount":2,"tradeVolume":0.0077988,"paymentCount":0,"paymentVolume":0},{"title":"Ledger 20305224","tradeCount":2,"tradeVolume":1.1941587999999999,"paymentCount":0,"paymentVolume":0},{"title":"Ledger 20305236","tradeCount":2,"tradeVolume":1.3236607999999999,"paymentCount":0,"paymentVolume":0},{"title":"Ledger 20305251","tradeCount":2,"tradeVolume":2.4542459,"paymentCount":0,"paymentVolume":0},{"title":"Ledger 20305252","tradeCount":2,"tradeVolume":0.0118228,"paymentCount":0,"paymentVolume":0},{"title":"Ledger 20305265","tradeCount":2,"tradeVolume":1.4700559,"paymentCount":0,"paymentVolume":0},{"title":"Ledger 20305266","tradeCount":2,"tradeVolume":0.010103599999999999,"paymentCount":0,"paymentVolume":0},{"title":"Ledger 20305284","tradeCount":2,"tradeVolume":1.7815083999999999,"paymentCount":0,"paymentVolume":0},{"title":"Ledger 20305285","tradeCount":2,"tradeVolume":0.0046461,"paymentCount":1,"paymentVolume":0.33},{"title":"Ledger 20305294","tradeCount":2,"tradeVolume":368.1353517,"paymentCount":0,"paymentVolume":0},{"title":"Ledger 20305298","tradeCount":2,"tradeVolume":182.7977095,"paymentCount":0,"paymentVolume":0},{"title":"Ledger 20305304","tradeCount":2,"tradeVolume":2.3794972999999997,"paymentCount":0,"paymentVolume":0},{"title":"Ledger 20305305","tradeCount":2,"tradeVolume":0.0058803,"paymentCount":0,"paymentVolume":0},{"title":"Ledger 20305321","tradeCount":2,"tradeVolume":548.0692179,"paymentCount":0,"paymentVolume":0},{"title":"Ledger 20305325","tradeCount":2,"tradeVolume":384.157067,"paymentCount":0,"paymentVolume":0},{"title":"Ledger 20305352","tradeCount":2,"tradeVolume":1.7565922,"paymentCount":0,"paymentVolume":0},{"title":"Ledger 20305359","tradeCount":2,"tradeVolume":2.3172068,"paymentCount":0,"paymentVolume":0},{"title":"Ledger 20305360","tradeCount":2,"tradeVolume":0.0047341,"paymentCount":0,"paymentVolume":0},{"title":"Ledger 20305387","tradeCount":2,"tradeVolume":1.9882132000000001,"paymentCount":0,"paymentVolume":0},{"title":"Ledger 20305394","tradeCount":2,"tradeVolume":0.8969833,"paymentCount":0,"paymentVolume":0},{"title":"Ledger 20305395","tradeCount":2,"tradeVolume":0.0096828,"paymentCount":1,"paymentVolume":0.69},{"title":"Ledger 20305412","tradeCount":2,"tradeVolume":1.4077654,"paymentCount":0,"paymentVolume":0},{"title":"Ledger 20305413","tradeCount":2,"tradeVolume":0.0045122,"paymentCount":1,"paymentVolume":0.32},{"title":"Ledger 20305429","tradeCount":2,"tradeVolume":235.3958101,"paymentCount":0,"paymentVolume":0},{"title":"Ledger 20305433","tradeCount":2,"tradeVolume":0.415694,"paymentCount":0,"paymentVolume":0},{"title":"Ledger 20305434","tradeCount":2,"tradeVolume":0.41568950000000005,"paymentCount":0,"paymentVolume":0},{"title":"Ledger 20305440","tradeCount":2,"tradeVolume":1.1432301,"paymentCount":0,"paymentVolume":0},{"title":"Ledger 20305447","tradeCount":2,"tradeVolume":0.8724657,"paymentCount":0,"paymentVolume":0},{"title":"Ledger 20305467","tradeCount":2,"tradeVolume":127.85748609999999,"paymentCount":0,"paymentVolume":0},{"title":"Ledger 20305468","tradeCount":2,"tradeVolume":0.0078887,"paymentCount":1,"paymentVolume":0.56},{"title":"Ledger 20305475","tradeCount":2,"tradeVolume":2.2798325,"paymentCount":0,"paymentVolume":0},{"title":"Ledger 20305476","tradeCount":2,"tradeVolume":0.0074874,"paymentCount":0,"paymentVolume":0},{"title":"Ledger 20305481","tradeCount":2,"tradeVolume":0.610447,"paymentCount":0,"paymentVolume":0},{"title":"Ledger 20305488","tradeCount":2,"tradeVolume":571.6524023000001,"paymentCount":0,"paymentVolume":0},{"title":"Ledger 20305501","tradeCount":2,"tradeVolume":0.859609,"paymentCount":0,"paymentVolume":0},{"title":"Ledger 20305502","tradeCount":2,"tradeVolume":0.0062664999999999995,"paymentCount":0,"paymentVolume":0},{"title":"Ledger 20305515","tradeCount":2,"tradeVolume":0.6156170999999999,"paymentCount":0,"paymentVolume":0},{"title":"Ledger 20305529","tradeCount":2,"tradeVolume":1.2512668,"paymentCount":0,"paymentVolume":0},{"title":"Ledger 20305536","tradeCount":2,"tradeVolume":2.4168716,"paymentCount":0,"paymentVolume":0},{"title":"Ledger 20305537","tradeCount":2,"tradeVolume":0.005581299999999999,"paymentCount":0,"paymentVolume":0},{"title":"Ledger 20305543","tradeCount":2,"tradeVolume":2.3774043000000002,"paymentCount":0,"paymentVolume":0},{"title":"Ledger 20305550","tradeCount":2,"tradeVolume":0.8208268999999999,"paymentCount":0,"paymentVolume":0},{"title":"Ledger 20305563","tradeCount":2,"tradeVolume":2.2549163,"paymentCount":0,"paymentVolume":0},{"title":"Ledger 20305583","tradeCount":2,"tradeVolume":2.1371623,"paymentCount":0,"paymentVolume":0},{"title":"Ledger 20305631","tradeCount":2,"tradeVolume":1.2734109999999998,"paymentCount":0,"paymentVolume":0},{"title":"Ledger 20305658","tradeCount":2,"tradeVolume":1.108771,"paymentCount":0,"paymentVolume":0},{"title":"Ledger 20305679","tradeCount":2,"tradeVolume":1.4555173000000001,"paymentCount":0,"paymentVolume":0},{"title":"Ledger 20305685","tradeCount":2,"tradeVolume":1.8687151,"paymentCount":0,"paymentVolume":0},{"title":"Ledger 20305706","tradeCount":2,"tradeVolume":0.5877085,"paymentCount":0,"paymentVolume":0},{"title":"Ledger 20305707","tradeCount":2,"tradeVolume":0.5877109,"paymentCount":0,"paymentVolume":0},{"title":"Ledger 20305713","tradeCount":2,"tradeVolume":2.4168716,"paymentCount":0,"paymentVolume":0},{"title":"Ledger 20305714","tradeCount":2,"tradeVolume":0.0088921,"paymentCount":1,"paymentVolume":0.63},{"title":"Ledger 20305726","tradeCount":2,"tradeVolume":340.9782123,"paymentCount":0,"paymentVolume":0},{"title":"Ledger 20305733","tradeCount":2,"tradeVolume":1.1003867,"paymentCount":0,"paymentVolume":0},{"title":"Ledger 20305741","tradeCount":2,"tradeVolume":2.2307974,"paymentCount":0,"paymentVolume":0},{"title":"Ledger 20305747","tradeCount":2,"tradeVolume":0.5852069,"paymentCount":0,"paymentVolume":0},{"title":"Ledger 20305767","tradeCount":2,"tradeVolume":1.1554017,"paymentCount":0,"paymentVolume":0},{"title":"Ledger 20305785","tradeCount":2,"tradeVolume":0.6976537,"paymentCount":0,"paymentVolume":0},{"title":"Ledger 20305786","tradeCount":2,"tradeVolume":0.0102714,"paymentCount":1,"paymentVolume":0.73},{"title":"Ledger 20305793","tradeCount":2,"tradeVolume":210.6284833,"paymentCount":0,"paymentVolume":0},{"title":"Ledger 20305800","tradeCount":2,"tradeVolume":1.2084358,"paymentCount":0,"paymentVolume":0},{"title":"Ledger 20305841","tradeCount":2,"tradeVolume":2.4293297,"paymentCount":0,"paymentVolume":0},{"title":"Ledger 20305842","tradeCount":2,"tradeVolume":0.006540600000000001,"paymentCount":0,"paymentVolume":0},{"title":"Ledger 20305848","tradeCount":2,"tradeVolume":1.095391,"paymentCount":0,"paymentVolume":0},{"title":"Ledger 20305900","tradeCount":2,"tradeVolume":350.9446928,"paymentCount":0,"paymentVolume":0},{"title":"Ledger 20305907","tradeCount":2,"tradeVolume":2.3545811,"paymentCount":0,"paymentVolume":0},{"title":"Ledger 20305914","tradeCount":2,"tradeVolume":0.98419,"paymentCount":0,"paymentVolume":0},{"title":"Ledger 20305970","tradeCount":0,"tradeVolume":0,"paymentCount":1,"paymentVolume":0.54},{"title":"Ledger 20306024","tradeCount":0,"tradeVolume":0,"paymentCount":1,"paymentVolume":0.36},{"title":"Ledger 20306253","tradeCount":0,"tradeVolume":0,"paymentCount":1,"paymentVolume":0.33},{"title":"Ledger 20306341","tradeCount":0,"tradeVolume":0,"paymentCount":1,"paymentVolume":0.19},{"title":"Ledger 20306645","tradeCount":0,"tradeVolume":0,"paymentCount":1,"paymentVolume":0.33},{"title":"Ledger 20306822","tradeCount":0,"tradeVolume":0,"paymentCount":1,"paymentVolume":0.79},{"title":"Ledger 20307021","tradeCount":0,"tradeVolume":0,"paymentCount":1,"paymentVolume":0.43},{"title":"Ledger 20307099","tradeCount":0,"tradeVolume":0,"paymentCount":1,"paymentVolume":0.78},{"title":"Ledger 20307473","tradeCount":0,"tradeVolume":0,"paymentCount":1,"paymentVolume":0.24},{"title":"Ledger 20362186","tradeCount":0,"tradeVolume":0,"paymentCount":1,"paymentVolume":0.85},{"title":"Ledger 20388537","tradeCount":0,"tradeVolume":0,"paymentCount":1,"paymentVolume":0.04},{"title":"Ledger 20388538","tradeCount":0,"tradeVolume":0,"paymentCount":1,"paymentVolume":0.35},{"title":"Ledger 20402817","tradeCount":0,"tradeVolume":0,"paymentCount":1,"paymentVolume":0.66},{"title":"Ledger 20404537","tradeCount":0,"tradeVolume":0,"paymentCount":1,"paymentVolume":1.4},{"title":"Ledger 20404882","tradeCount":0,"tradeVolume":0,"paymentCount":1,"paymentVolume":1.2},{"title":"Ledger 20405566","tradeCount":0,"tradeVolume":0,"paymentCount":1,"paymentVolume":1.29},{"title":"Ledger 20405783","tradeCount":0,"tradeVolume":0,"paymentCount":1,"paymentVolume":1.59},{"title":"Ledger 20405938","tradeCount":0,"tradeVolume":0,"paymentCount":1,"paymentVolume":1.61},{"title":"Ledger 20406133","tradeCount":0,"tradeVolume":0,"paymentCount":1,"paymentVolume":1.4},{"title":"Ledger 20406439","tradeCount":0,"tradeVolume":0,"paymentCount":1,"paymentVolume":0.94},{"title":"Ledger 20406479","tradeCount":0,"tradeVolume":0,"paymentCount":1,"paymentVolume":1.04099},{"title":"Ledger 20410100","tradeCount":0,"tradeVolume":0,"paymentCount":1,"paymentVolume":1.24032},{"title":"Ledger 20410456","tradeCount":0,"tradeVolume":0,"paymentCount":1,"paymentVolume":0.05},{"title":"Ledger 20417850","tradeCount":0,"tradeVolume":0,"paymentCount":1,"paymentVolume":0.89},{"title":"Ledger 20417879","tradeCount":0,"tradeVolume":0,"paymentCount":1,"paymentVolume":1.55},{"title":"Ledger 20421405","tradeCount":0,"tradeVolume":0,"paymentCount":1,"paymentVolume":1.16},{"title":"Ledger 20435650","tradeCount":0,"tradeVolume":0,"paymentCount":1,"paymentVolume":0.8},{"title":"Ledger 20443655","tradeCount":0,"tradeVolume":0,"paymentCount":1,"paymentVolume":1.3},{"title":"Ledger 20467148","tradeCount":0,"tradeVolume":0,"paymentCount":1,"paymentVolume":1.34},{"title":"Ledger 20467323","tradeCount":0,"tradeVolume":0,"paymentCount":1,"paymentVolume":0.76},{"title":"Ledger 20467429","tradeCount":0,"tradeVolume":0,"paymentCount":1,"paymentVolume":0.97},{"title":"Ledger 20487621","tradeCount":0,"tradeVolume":0,"paymentCount":1,"paymentVolume":0.13923},{"title":"Ledger 20488350","tradeCount":0,"tradeVolume":0,"paymentCount":1,"paymentVolume":1.03},{"title":"Ledger 20488822","tradeCount":0,"tradeVolume":0,"paymentCount":1,"paymentVolume":1.54},{"title":"Ledger 20488975","tradeCount":0,"tradeVolume":0,"paymentCount":1,"paymentVolume":0.57},{"title":"Ledger 20489216","tradeCount":0,"tradeVolume":0,"paymentCount":1,"paymentVolume":1.14},{"title":"Ledger 20489295","tradeCount":0,"tradeVolume":0,"paymentCount":1,"paymentVolume":1},{"title":"Ledger 20489339","tradeCount":0,"tradeVolume":0,"paymentCount":1,"paymentVolume":0.61},{"title":"Ledger 20489488","tradeCount":0,"tradeVolume":0,"paymentCount":1,"paymentVolume":0.91},{"title":"Ledger 20489534","tradeCount":0,"tradeVolume":0,"paymentCount":1,"paymentVolume":1.31},{"title":"Ledger 20489542","tradeCount":0,"tradeVolume":0,"paymentCount":1,"paymentVolume":0.84},{"title":"Ledger 20489768","tradeCount":0,"tradeVolume":0,"paymentCount":1,"paymentVolume":0.85},{"title":"Ledger 20489794","tradeCount":0,"tradeVolume":0,"paymentCount":1,"paymentVolume":1.09},{"title":"Ledger 20491456","tradeCount":0,"tradeVolume":0,"paymentCount":1,"paymentVolume":1.43},{"title":"Ledger 20492230","tradeCount":0,"tradeVolume":0,"paymentCount":1,"paymentVolume":1.14},{"title":"Ledger 20492472","tradeCount":0,"tradeVolume":0,"paymentCount":1,"paymentVolume":1.46},{"title":"Ledger 20492486","tradeCount":0,"tradeVolume":0,"paymentCount":1,"paymentVolume":1.08},{"title":"Ledger 20492493","tradeCount":0,"tradeVolume":0,"paymentCount":1,"paymentVolume":0.55},{"title":"Ledger 20492579","tradeCount":0,"tradeVolume":0,"paymentCount":1,"paymentVolume":1.42},{"title":"Ledger 20492609","tradeCount":0,"tradeVolume":0,"paymentCount":1,"paymentVolume":1.03}]}